16:45:31:232  INFO 7248 --- [main] com.hmall.cart.CartApplication           : Starting CartApplication using Java 17.0.10 on LAPTOP-IMC7SJSR with PID 7248 (D:\Desktop\Backend\workspace\hmall\cart-service\target\classes started by Dony in D:\Desktop\Backend\workspace\hmall)
16:45:31:238 DEBUG 7248 --- [main] com.hmall.cart.CartApplication           : Running with Spring Boot v2.7.12, Spring v5.3.27
16:45:31:238  INFO 7248 --- [main] com.hmall.cart.CartApplication           : The following 1 profile is active: "local"
16:45:32:574  INFO 7248 --- [main] o.s.cloud.context.scope.GenericScope     : BeanFactory id=5e0e0dab-7bac-3be6-b300-abcc9507a6c4
16:45:33:234  INFO 7248 --- [main] o.s.b.w.embedded.tomcat.TomcatWebServer  : Tomcat initialized with port(s): 8082 (http)
16:45:33:255  INFO 7248 --- [main] o.apache.catalina.core.StandardService   : Starting service [Tomcat]
16:45:33:256  INFO 7248 --- [main] org.apache.catalina.core.StandardEngine  : Starting Servlet engine: [Apache Tomcat/9.0.75]
16:45:33:600  INFO 7248 --- [main] o.a.c.c.C.[Tomcat].[localhost].[/]       : Initializing Spring embedded WebApplicationContext
16:45:33:601  INFO 7248 --- [main] w.s.c.ServletWebServerApplicationContext : Root WebApplicationContext: initialization completed in 2304 ms
16:45:34:042  INFO 7248 --- [main] o.s.c.openfeign.FeignClientFactoryBean   : For 'item-service' URL not provided. Will try picking an instance via load-balancing.
16:45:38:579  INFO 7248 --- [main] o.s.cloud.commons.util.InetUtils         : Cannot determine local hostname
16:45:38:623  INFO 7248 --- [main] pertySourcedRequestMappingHandlerMapping : Mapped URL path [/v2/api-docs] onto method [springfox.documentation.swagger2.web.Swagger2ControllerWebMvc#getDocumentation(String, HttpServletRequest)]
16:45:40:487  INFO 7248 --- [main] o.s.cloud.commons.util.InetUtils         : Cannot determine local hostname
16:45:40:705  INFO 7248 --- [main] com.alibaba.nacos.common.remote.client   : [RpcClientFactory] create a new rpc client of c16218a0-fb07-417d-941d-081467684bd9
16:45:40:807  INFO 7248 --- [main] org.reflections.Reflections              : Reflections took 41 ms to scan 1 urls, producing 3 keys and 6 values 
16:45:40:842  INFO 7248 --- [main] org.reflections.Reflections              : Reflections took 10 ms to scan 1 urls, producing 4 keys and 9 values 
16:45:40:853  INFO 7248 --- [main] org.reflections.Reflections              : Reflections took 8 ms to scan 1 urls, producing 3 keys and 10 values 
16:45:40:855  WARN 7248 --- [main] org.reflections.Reflections              : given scan urls are empty. set urls in the configuration
16:45:40:867  INFO 7248 --- [main] org.reflections.Reflections              : Reflections took 11 ms to scan 1 urls, producing 1 keys and 5 values 
16:45:40:878  INFO 7248 --- [main] org.reflections.Reflections              : Reflections took 8 ms to scan 1 urls, producing 1 keys and 7 values 
16:45:40:887  INFO 7248 --- [main] org.reflections.Reflections              : Reflections took 7 ms to scan 1 urls, producing 2 keys and 8 values 
16:45:40:889  WARN 7248 --- [main] org.reflections.Reflections              : given scan urls are empty. set urls in the configuration
16:45:40:890  INFO 7248 --- [main] com.alibaba.nacos.common.remote.client   : [c16218a0-fb07-417d-941d-081467684bd9] RpcClient init label, labels = {module=naming, source=sdk}
16:45:40:894  INFO 7248 --- [main] com.alibaba.nacos.common.remote.client   : [c16218a0-fb07-417d-941d-081467684bd9] RpcClient init, ServerListFactory = com.alibaba.nacos.client.naming.core.ServerListManager
16:45:40:894  INFO 7248 --- [main] com.alibaba.nacos.common.remote.client   : [c16218a0-fb07-417d-941d-081467684bd9] Registry connection listener to current client:com.alibaba.nacos.client.naming.remote.gprc.redo.NamingGrpcRedoService
16:45:40:895  INFO 7248 --- [main] com.alibaba.nacos.common.remote.client   : [c16218a0-fb07-417d-941d-081467684bd9] Register server push request handler:com.alibaba.nacos.client.naming.remote.gprc.NamingPushRequestHandler
16:45:40:898  INFO 7248 --- [main] com.alibaba.nacos.common.remote.client   : [c16218a0-fb07-417d-941d-081467684bd9] Try to connect to server on start up, server: {serverIp = '192.168.202.130', server main port = 8848}
16:45:43:015  INFO 7248 --- [main] com.alibaba.nacos.common.remote.client   : [c16218a0-fb07-417d-941d-081467684bd9] Success to connect to server [192.168.202.130:8848] on start up, connectionId = 1722156345975_192.168.202.1_5252
16:45:43:016  INFO 7248 --- [com.alibaba.nacos.client.remote.worker] com.alibaba.nacos.common.remote.client   : [c16218a0-fb07-417d-941d-081467684bd9] Notify connected event to listeners.
16:45:43:016  INFO 7248 --- [main] com.alibaba.nacos.common.remote.client   : [c16218a0-fb07-417d-941d-081467684bd9] Register server push request handler:com.alibaba.nacos.common.remote.client.RpcClient$ConnectResetRequestHandler
16:45:43:017  INFO 7248 --- [main] com.alibaba.nacos.common.remote.client   : [c16218a0-fb07-417d-941d-081467684bd9] Register server push request handler:com.alibaba.nacos.common.remote.client.RpcClient$$Lambda$1001/0x0000028fc87d0440
16:45:43:120  INFO 7248 --- [main] o.s.b.w.embedded.tomcat.TomcatWebServer  : Tomcat started on port(s): 8082 (http) with context path ''
16:45:43:147  INFO 7248 --- [main] c.a.c.n.registry.NacosServiceRegistry    : nacos registry, DEFAULT_GROUP cart-service 192.168.91.1:8082 register finished
16:45:43:640  INFO 7248 --- [nacos-grpc-client-executor-11] com.alibaba.nacos.common.remote.client   : [c16218a0-fb07-417d-941d-081467684bd9] Receive server push request, request = NotifySubscriberRequest, requestId = 1
16:45:43:646  INFO 7248 --- [nacos-grpc-client-executor-11] com.alibaba.nacos.common.remote.client   : [c16218a0-fb07-417d-941d-081467684bd9] Ack server push request, request = NotifySubscriberRequest, requestId = 1
16:45:45:141  INFO 7248 --- [main] o.s.cloud.commons.util.InetUtils         : Cannot determine local hostname
16:45:45:141  INFO 7248 --- [main] d.s.w.p.DocumentationPluginsBootstrapper : Documentation plugins bootstrapped
16:45:45:144  INFO 7248 --- [main] d.s.w.p.DocumentationPluginsBootstrapper : Found 1 custom documentation plugin(s)
16:45:45:169  INFO 7248 --- [main] s.d.s.w.s.ApiListingReferenceScanner     : Scanning for api listing references
16:45:45:275  INFO 7248 --- [main] com.hmall.cart.CartApplication           : Started CartApplication in 16.397 seconds (JVM running for 18.355)
