20:52:20:007  INFO 63812 --- [main] com.hmall.trade.TradeApplication         : Starting TradeApplication using Java 17.0.10 on LAPTOP-IMC7SJSR with PID 63812 (D:\Desktop\Backend\workspace\hmall\trade-service\target\classes started by Dony in D:\Desktop\Backend\workspace\hmall)
20:52:20:009 DEBUG 63812 --- [main] com.hmall.trade.TradeApplication         : Running with Spring Boot v2.7.12, Spring v5.3.27
20:52:20:010  INFO 63812 --- [main] com.hmall.trade.TradeApplication         : The following 1 profile is active: "local"
20:52:21:312  INFO 63812 --- [main] o.s.cloud.context.scope.GenericScope     : BeanFactory id=617ae161-926b-3012-98e4-1e472aa397d0
20:52:22:220  INFO 63812 --- [main] o.s.b.w.embedded.tomcat.TomcatWebServer  : Tomcat initialized with port(s): 8085 (http)
20:52:22:240  INFO 63812 --- [main] o.apache.catalina.core.StandardService   : Starting service [Tomcat]
20:52:22:241  INFO 63812 --- [main] org.apache.catalina.core.StandardEngine  : Starting Servlet engine: [Apache Tomcat/9.0.75]
20:52:22:701  INFO 63812 --- [main] o.a.c.c.C.[Tomcat].[localhost].[/]       : Initializing Spring embedded WebApplicationContext
20:52:22:701  INFO 63812 --- [main] w.s.c.ServletWebServerApplicationContext : Root WebApplicationContext: initialization completed in 2637 ms
20:52:24:754  INFO 63812 --- [main] o.s.c.openfeign.FeignClientFactoryBean   : For 'item-service' URL not provided. Will try picking an instance via load-balancing.
20:52:24:851  INFO 63812 --- [main] o.s.c.openfeign.FeignClientFactoryBean   : For 'cart-service' URL not provided. Will try picking an instance via load-balancing.
20:52:27:804  INFO 63812 --- [main] o.s.cloud.commons.util.InetUtils         : Cannot determine local hostname
20:52:27:876  INFO 63812 --- [main] pertySourcedRequestMappingHandlerMapping : Mapped URL path [/v2/api-docs] onto method [springfox.documentation.swagger2.web.Swagger2ControllerWebMvc#getDocumentation(String, HttpServletRequest)]
20:52:30:886  INFO 63812 --- [main] o.s.cloud.commons.util.InetUtils         : Cannot determine local hostname
20:52:31:203  INFO 63812 --- [main] com.alibaba.nacos.common.remote.client   : [RpcClientFactory] create a new rpc client of a3225da3-73f6-4bfd-8924-a50026ad4f5c
20:52:31:334  INFO 63812 --- [main] org.reflections.Reflections              : Reflections took 56 ms to scan 1 urls, producing 3 keys and 6 values 
20:52:31:379  INFO 63812 --- [main] org.reflections.Reflections              : Reflections took 11 ms to scan 1 urls, producing 4 keys and 9 values 
20:52:31:397  INFO 63812 --- [main] org.reflections.Reflections              : Reflections took 10 ms to scan 1 urls, producing 3 keys and 10 values 
20:52:31:402  WARN 63812 --- [main] org.reflections.Reflections              : given scan urls are empty. set urls in the configuration
20:52:31:414  INFO 63812 --- [main] org.reflections.Reflections              : Reflections took 11 ms to scan 1 urls, producing 1 keys and 5 values 
20:52:31:437  INFO 63812 --- [main] org.reflections.Reflections              : Reflections took 15 ms to scan 1 urls, producing 1 keys and 7 values 
20:52:31:454  INFO 63812 --- [main] org.reflections.Reflections              : Reflections took 12 ms to scan 1 urls, producing 2 keys and 8 values 
20:52:31:459  WARN 63812 --- [main] org.reflections.Reflections              : given scan urls are empty. set urls in the configuration
20:52:31:461  INFO 63812 --- [main] com.alibaba.nacos.common.remote.client   : [a3225da3-73f6-4bfd-8924-a50026ad4f5c] RpcClient init label, labels = {module=naming, source=sdk}
20:52:31:464  INFO 63812 --- [main] com.alibaba.nacos.common.remote.client   : [a3225da3-73f6-4bfd-8924-a50026ad4f5c] RpcClient init, ServerListFactory = com.alibaba.nacos.client.naming.core.ServerListManager
20:52:31:466  INFO 63812 --- [main] com.alibaba.nacos.common.remote.client   : [a3225da3-73f6-4bfd-8924-a50026ad4f5c] Registry connection listener to current client:com.alibaba.nacos.client.naming.remote.gprc.redo.NamingGrpcRedoService
20:52:31:467  INFO 63812 --- [main] com.alibaba.nacos.common.remote.client   : [a3225da3-73f6-4bfd-8924-a50026ad4f5c] Register server push request handler:com.alibaba.nacos.client.naming.remote.gprc.NamingPushRequestHandler
20:52:31:471  INFO 63812 --- [main] com.alibaba.nacos.common.remote.client   : [a3225da3-73f6-4bfd-8924-a50026ad4f5c] Try to connect to server on start up, server: {serverIp = '192.168.202.130', server main port = 8848}
20:52:36:924  INFO 63812 --- [main] com.alibaba.nacos.common.remote.client   : [a3225da3-73f6-4bfd-8924-a50026ad4f5c] Success to connect to server [192.168.202.130:8848] on start up, connectionId = 1722084758089_192.168.202.1_9411
20:52:36:926  INFO 63812 --- [com.alibaba.nacos.client.remote.worker] com.alibaba.nacos.common.remote.client   : [a3225da3-73f6-4bfd-8924-a50026ad4f5c] Notify connected event to listeners.
20:52:36:927  INFO 63812 --- [main] com.alibaba.nacos.common.remote.client   : [a3225da3-73f6-4bfd-8924-a50026ad4f5c] Register server push request handler:com.alibaba.nacos.common.remote.client.RpcClient$ConnectResetRequestHandler
20:52:36:928  INFO 63812 --- [main] com.alibaba.nacos.common.remote.client   : [a3225da3-73f6-4bfd-8924-a50026ad4f5c] Register server push request handler:com.alibaba.nacos.common.remote.client.RpcClient$$Lambda$992/0x0000024c997b7b80
20:52:37:037  INFO 63812 --- [main] o.s.b.w.embedded.tomcat.TomcatWebServer  : Tomcat started on port(s): 8085 (http) with context path ''
20:52:37:064  INFO 63812 --- [main] c.a.c.n.registry.NacosServiceRegistry    : nacos registry, DEFAULT_GROUP trade-service 192.168.91.1:8085 register finished
20:52:37:514  INFO 63812 --- [nacos-grpc-client-executor-10] com.alibaba.nacos.common.remote.client   : [a3225da3-73f6-4bfd-8924-a50026ad4f5c] Receive server push request, request = NotifySubscriberRequest, requestId = 16
20:52:37:524  INFO 63812 --- [nacos-grpc-client-executor-10] com.alibaba.nacos.common.remote.client   : [a3225da3-73f6-4bfd-8924-a50026ad4f5c] Ack server push request, request = NotifySubscriberRequest, requestId = 16
20:52:40:017  INFO 63812 --- [main] o.s.cloud.commons.util.InetUtils         : Cannot determine local hostname
20:52:40:017  INFO 63812 --- [main] d.s.w.p.DocumentationPluginsBootstrapper : Documentation plugins bootstrapped
20:52:40:023  INFO 63812 --- [main] d.s.w.p.DocumentationPluginsBootstrapper : Found 1 custom documentation plugin(s)
20:52:40:055  INFO 63812 --- [main] s.d.s.w.s.ApiListingReferenceScanner     : Scanning for api listing references
20:52:40:071  INFO 63812 --- [main] com.hmall.trade.TradeApplication         : Started TradeApplication in 23.045 seconds (JVM running for 24.844)
20:52:55:578  INFO 63812 --- [http-nio-8085-exec-1] o.a.c.c.C.[Tomcat].[localhost].[/]       : Initializing Spring DispatcherServlet 'dispatcherServlet'
20:52:55:578  INFO 63812 --- [http-nio-8085-exec-1] o.s.web.servlet.DispatcherServlet        : Initializing Servlet 'dispatcherServlet'
20:52:55:580  INFO 63812 --- [http-nio-8085-exec-1] o.s.web.servlet.DispatcherServlet        : Completed initialization in 2 ms
20:55:15:776  WARN 63812 --- [Thread-4] c.a.nacos.common.notify.NotifyCenter     : [NotifyCenter] Start destroying Publisher
20:55:15:776  WARN 63812 --- [Thread-7] c.a.n.common.http.HttpClientBeanHolder   : [HttpClientBeanHolder] Start destroying common HttpClient
20:55:15:777  WARN 63812 --- [Thread-4] c.a.nacos.common.notify.NotifyCenter     : [NotifyCenter] Destruction of the end
20:55:15:777  WARN 63812 --- [Thread-7] c.a.n.common.http.HttpClientBeanHolder   : [HttpClientBeanHolder] Destruction of the end
20:55:15:843  INFO 63812 --- [SpringApplicationShutdownHook] c.a.c.n.registry.NacosServiceRegistry    : De-registering from Nacos Server now...
20:55:15:849  INFO 63812 --- [SpringApplicationShutdownHook] c.a.c.n.registry.NacosServiceRegistry    : De-registration finished.
20:55:16:187  INFO 63812 --- [SpringApplicationShutdownHook] com.alibaba.nacos.common.remote.client   : Shutdown rpc client, set status to shutdown
20:55:16:188  INFO 63812 --- [SpringApplicationShutdownHook] com.alibaba.nacos.common.remote.client   : Shutdown client event executor java.util.concurrent.ScheduledThreadPoolExecutor@4ab50b91[Running, pool size = 2, active threads = 2, queued tasks = 0, completed tasks = 0]
20:55:16:188  INFO 63812 --- [SpringApplicationShutdownHook] com.alibaba.nacos.common.remote.client   : Close current connection 1722084758089_192.168.202.1_9411
20:55:16:192  INFO 63812 --- [nacos-grpc-client-executor-50] c.a.n.c.remote.client.grpc.GrpcClient    : [1722084758089_192.168.202.1_9411]Ignore complete event,isRunning:false,isAbandon=false
20:55:16:204  INFO 63812 --- [SpringApplicationShutdownHook] c.a.n.c.remote.client.grpc.GrpcClient    : Shutdown grpc executor java.util.concurrent.ThreadPoolExecutor@243ae575[Running, pool size = 5, active threads = 0, queued tasks = 0, completed tasks = 51]
20:55:26:617  INFO 63096 --- [main] com.hmall.trade.TradeApplication         : Starting TradeApplication using Java 17.0.10 on LAPTOP-IMC7SJSR with PID 63096 (D:\Desktop\Backend\workspace\hmall\trade-service\target\classes started by Dony in D:\Desktop\Backend\workspace\hmall)
20:55:26:623 DEBUG 63096 --- [main] com.hmall.trade.TradeApplication         : Running with Spring Boot v2.7.12, Spring v5.3.27
20:55:26:624  INFO 63096 --- [main] com.hmall.trade.TradeApplication         : The following 1 profile is active: "local"
20:55:28:450  INFO 63096 --- [main] o.s.cloud.context.scope.GenericScope     : BeanFactory id=617ae161-926b-3012-98e4-1e472aa397d0
20:55:29:323  INFO 63096 --- [main] o.s.b.w.embedded.tomcat.TomcatWebServer  : Tomcat initialized with port(s): 8085 (http)
20:55:29:336  INFO 63096 --- [main] o.apache.catalina.core.StandardService   : Starting service [Tomcat]
20:55:29:337  INFO 63096 --- [main] org.apache.catalina.core.StandardEngine  : Starting Servlet engine: [Apache Tomcat/9.0.75]
20:55:29:639  INFO 63096 --- [main] o.a.c.c.C.[Tomcat].[localhost].[/]       : Initializing Spring embedded WebApplicationContext
20:55:29:639  INFO 63096 --- [main] w.s.c.ServletWebServerApplicationContext : Root WebApplicationContext: initialization completed in 2921 ms
20:55:31:531  INFO 63096 --- [main] o.s.c.openfeign.FeignClientFactoryBean   : For 'item-service' URL not provided. Will try picking an instance via load-balancing.
20:55:31:602  INFO 63096 --- [main] o.s.c.openfeign.FeignClientFactoryBean   : For 'cart-service' URL not provided. Will try picking an instance via load-balancing.
20:55:34:337  INFO 63096 --- [main] o.s.cloud.commons.util.InetUtils         : Cannot determine local hostname
20:55:34:373  INFO 63096 --- [main] pertySourcedRequestMappingHandlerMapping : Mapped URL path [/v2/api-docs] onto method [springfox.documentation.swagger2.web.Swagger2ControllerWebMvc#getDocumentation(String, HttpServletRequest)]
20:55:36:712  INFO 63096 --- [main] o.s.cloud.commons.util.InetUtils         : Cannot determine local hostname
20:55:36:957  INFO 63096 --- [main] com.alibaba.nacos.common.remote.client   : [RpcClientFactory] create a new rpc client of d6772d4d-990a-47a4-861e-15460d5c6af0
20:55:37:043  INFO 63096 --- [main] org.reflections.Reflections              : Reflections took 43 ms to scan 1 urls, producing 3 keys and 6 values 
20:55:37:078  INFO 63096 --- [main] org.reflections.Reflections              : Reflections took 12 ms to scan 1 urls, producing 4 keys and 9 values 
20:55:37:092  INFO 63096 --- [main] org.reflections.Reflections              : Reflections took 11 ms to scan 1 urls, producing 3 keys and 10 values 
20:55:37:096  WARN 63096 --- [main] org.reflections.Reflections              : given scan urls are empty. set urls in the configuration
20:55:37:107  INFO 63096 --- [main] org.reflections.Reflections              : Reflections took 9 ms to scan 1 urls, producing 1 keys and 5 values 
20:55:37:125  INFO 63096 --- [main] org.reflections.Reflections              : Reflections took 15 ms to scan 1 urls, producing 1 keys and 7 values 
20:55:37:138  INFO 63096 --- [main] org.reflections.Reflections              : Reflections took 8 ms to scan 1 urls, producing 2 keys and 8 values 
20:55:37:142  WARN 63096 --- [main] org.reflections.Reflections              : given scan urls are empty. set urls in the configuration
20:55:37:143  INFO 63096 --- [main] com.alibaba.nacos.common.remote.client   : [d6772d4d-990a-47a4-861e-15460d5c6af0] RpcClient init label, labels = {module=naming, source=sdk}
20:55:37:146  INFO 63096 --- [main] com.alibaba.nacos.common.remote.client   : [d6772d4d-990a-47a4-861e-15460d5c6af0] RpcClient init, ServerListFactory = com.alibaba.nacos.client.naming.core.ServerListManager
20:55:37:146  INFO 63096 --- [main] com.alibaba.nacos.common.remote.client   : [d6772d4d-990a-47a4-861e-15460d5c6af0] Registry connection listener to current client:com.alibaba.nacos.client.naming.remote.gprc.redo.NamingGrpcRedoService
20:55:37:146  INFO 63096 --- [main] com.alibaba.nacos.common.remote.client   : [d6772d4d-990a-47a4-861e-15460d5c6af0] Register server push request handler:com.alibaba.nacos.client.naming.remote.gprc.NamingPushRequestHandler
20:55:37:150  INFO 63096 --- [main] com.alibaba.nacos.common.remote.client   : [d6772d4d-990a-47a4-861e-15460d5c6af0] Try to connect to server on start up, server: {serverIp = '192.168.202.130', server main port = 8848}
20:55:40:042  INFO 63096 --- [main] com.alibaba.nacos.common.remote.client   : [d6772d4d-990a-47a4-861e-15460d5c6af0] Success to connect to server [192.168.202.130:8848] on start up, connectionId = 1722084941237_192.168.202.1_14995
20:55:40:044  INFO 63096 --- [com.alibaba.nacos.client.remote.worker] com.alibaba.nacos.common.remote.client   : [d6772d4d-990a-47a4-861e-15460d5c6af0] Notify connected event to listeners.
20:55:40:044  INFO 63096 --- [main] com.alibaba.nacos.common.remote.client   : [d6772d4d-990a-47a4-861e-15460d5c6af0] Register server push request handler:com.alibaba.nacos.common.remote.client.RpcClient$ConnectResetRequestHandler
20:55:40:044  INFO 63096 --- [main] com.alibaba.nacos.common.remote.client   : [d6772d4d-990a-47a4-861e-15460d5c6af0] Register server push request handler:com.alibaba.nacos.common.remote.client.RpcClient$$Lambda$979/0x00000149437a46b8
20:55:40:138  INFO 63096 --- [main] o.s.b.w.embedded.tomcat.TomcatWebServer  : Tomcat started on port(s): 8085 (http) with context path ''
20:55:40:153  INFO 63096 --- [main] c.a.c.n.registry.NacosServiceRegistry    : nacos registry, DEFAULT_GROUP trade-service 192.168.91.1:8085 register finished
20:55:40:352  INFO 63096 --- [http-nio-8085-exec-1] o.a.c.c.C.[Tomcat].[localhost].[/]       : Initializing Spring DispatcherServlet 'dispatcherServlet'
20:55:40:353  INFO 63096 --- [http-nio-8085-exec-1] o.s.web.servlet.DispatcherServlet        : Initializing Servlet 'dispatcherServlet'
20:55:40:355  INFO 63096 --- [http-nio-8085-exec-1] o.s.web.servlet.DispatcherServlet        : Completed initialization in 2 ms
20:55:40:676  INFO 63096 --- [nacos-grpc-client-executor-11] com.alibaba.nacos.common.remote.client   : [d6772d4d-990a-47a4-861e-15460d5c6af0] Receive server push request, request = NotifySubscriberRequest, requestId = 17
20:55:40:682  INFO 63096 --- [nacos-grpc-client-executor-11] com.alibaba.nacos.common.remote.client   : [d6772d4d-990a-47a4-861e-15460d5c6af0] Ack server push request, request = NotifySubscriberRequest, requestId = 17
20:55:42:659  INFO 63096 --- [main] o.s.cloud.commons.util.InetUtils         : Cannot determine local hostname
20:55:42:660  INFO 63096 --- [main] d.s.w.p.DocumentationPluginsBootstrapper : Documentation plugins bootstrapped
20:55:42:665  INFO 63096 --- [main] d.s.w.p.DocumentationPluginsBootstrapper : Found 1 custom documentation plugin(s)
20:55:42:702  INFO 63096 --- [main] s.d.s.w.s.ApiListingReferenceScanner     : Scanning for api listing references
20:55:42:829  INFO 63096 --- [main] com.hmall.trade.TradeApplication         : Started TradeApplication in 19.188 seconds (JVM running for 21.13)
20:56:14:681  INFO 63096 --- [http-nio-8085-exec-10] com.zaxxer.hikari.HikariDataSource       : HikariPool-1 - Starting...
20:56:15:340  INFO 63096 --- [http-nio-8085-exec-10] com.zaxxer.hikari.HikariDataSource       : HikariPool-1 - Start completed.
20:56:15:350 DEBUG 63096 --- [http-nio-8085-exec-10] c.h.trade.mapper.OrderMapper.selectById  : ==>  Preparing: SELECT id,total_fee,payment_type,user_id,status,create_time,pay_time,consign_time,end_time,close_time,comment_time,update_time FROM `order` WHERE id=?
20:56:15:396 DEBUG 63096 --- [http-nio-8085-exec-10] c.h.trade.mapper.OrderMapper.selectById  : ==> Parameters: 1654779387523936258(Long)
20:56:15:451 DEBUG 63096 --- [http-nio-8085-exec-10] c.h.trade.mapper.OrderMapper.selectById  : <==      Total: 1
20:57:35:638  WARN 63096 --- [Thread-4] c.a.nacos.common.notify.NotifyCenter     : [NotifyCenter] Start destroying Publisher
20:57:35:638  WARN 63096 --- [Thread-7] c.a.n.common.http.HttpClientBeanHolder   : [HttpClientBeanHolder] Start destroying common HttpClient
20:57:35:638  WARN 63096 --- [Thread-4] c.a.nacos.common.notify.NotifyCenter     : [NotifyCenter] Destruction of the end
20:57:35:639  WARN 63096 --- [Thread-7] c.a.n.common.http.HttpClientBeanHolder   : [HttpClientBeanHolder] Destruction of the end
20:57:35:703  INFO 63096 --- [SpringApplicationShutdownHook] c.a.c.n.registry.NacosServiceRegistry    : De-registering from Nacos Server now...
20:57:35:709  INFO 63096 --- [SpringApplicationShutdownHook] c.a.c.n.registry.NacosServiceRegistry    : De-registration finished.
20:57:36:030  INFO 63096 --- [SpringApplicationShutdownHook] com.alibaba.nacos.common.remote.client   : Shutdown rpc client, set status to shutdown
20:57:36:030  INFO 63096 --- [SpringApplicationShutdownHook] com.alibaba.nacos.common.remote.client   : Shutdown client event executor java.util.concurrent.ScheduledThreadPoolExecutor@726ed543[Running, pool size = 2, active threads = 2, queued tasks = 0, completed tasks = 0]
20:57:36:030  INFO 63096 --- [SpringApplicationShutdownHook] com.alibaba.nacos.common.remote.client   : Close current connection 1722084941237_192.168.202.1_14995
20:57:36:033  INFO 63096 --- [nacos-grpc-client-executor-45] c.a.n.c.remote.client.grpc.GrpcClient    : [1722084941237_192.168.202.1_14995]Ignore complete event,isRunning:false,isAbandon=false
20:57:36:040  INFO 63096 --- [SpringApplicationShutdownHook] c.a.n.c.remote.client.grpc.GrpcClient    : Shutdown grpc executor java.util.concurrent.ThreadPoolExecutor@1097f737[Running, pool size = 6, active threads = 0, queued tasks = 0, completed tasks = 46]
20:57:36:048  INFO 63096 --- [SpringApplicationShutdownHook] com.zaxxer.hikari.HikariDataSource       : HikariPool-1 - Shutdown initiated...
20:57:36:068  INFO 63096 --- [SpringApplicationShutdownHook] com.zaxxer.hikari.HikariDataSource       : HikariPool-1 - Shutdown completed.
